==============================================
HuBERT run16 -- run15 with all four GPUs actually used (4x compute)
Start: Mon Oct  5 05:11:54 PDT 2026
==============================================
[precheck] audio OK: 763 files, 224.42 h under /global/scratch/users/jonathanswang/temp_files (9 rows probed head/middle/tail)
[precheck] labels: 40,395,592 frames, vocabulary 200, --num-classes 200
0, NVIDIA L40S, 46068 MiB
1, NVIDIA L40S, 46068 MiB
2, NVIDIA L40S, 46068 MiB
3, NVIDIA L40S, 46068 MiB
PyTorch: 2.2.2 | CUDA: True 12.1
GPUs visible: 4

Starting training...

[rank: 0] Seed set to 2
[rank: 2] Seed set to 2
[rank: 1] Seed set to 2
[rank: 3] Seed set to 2
GPU available: True (cuda), used: True
TPU available: False, using: 0 TPU cores
/global/home/users/jonathanswang/.local/lib/python3.11/site-packages/lightning/pytorch/trainer/connectors/logger_connector/logger_connector.py:76: Starting from v1.9.0, `tensorboardX` has been removed as a dependency of the `lightning.pytorch` package, due to potential conflicts with other packages in the ML ecosystem. For this reason, `logger=True` will use `CSVLogger` as the default logger, unless the `tensorboard` or `tensorboardX` packages are found. Please `pip install lightning[extra]` or one of them to enable TensorBoard support by default
💡 Tip: For seamless cloud logging and experiment tracking, try installing [litlogger](https://pypi.org/project/litlogger/) to enable LitLogger, which logs metrics and artifacts automatically to the Lightning Experiments platform.
/global/home/users/jonathanswang/.conda/envs/hubert_env/lib/python3.11/site-packages/torch/optim/lr_scheduler.py:28: UserWarning: The verbose parameter is deprecated. Please use get_last_lr() to access the learning rate.
  warnings.warn("The verbose parameter is deprecated. Please use get_last_lr() "
/global/home/users/jonathanswang/.conda/envs/hubert_env/lib/python3.11/site-packages/torch/optim/lr_scheduler.py:28: UserWarning: The verbose parameter is deprecated. Please use get_last_lr() to access the learning rate.
  warnings.warn("The verbose parameter is deprecated. Please use get_last_lr() "
/global/home/users/jonathanswang/.conda/envs/hubert_env/lib/python3.11/site-packages/torch/optim/lr_scheduler.py:28: UserWarning: The verbose parameter is deprecated. Please use get_last_lr() to access the learning rate.
  warnings.warn("The verbose parameter is deprecated. Please use get_last_lr() "
/global/home/users/jonathanswang/.conda/envs/hubert_env/lib/python3.11/site-packages/torch/optim/lr_scheduler.py:28: UserWarning: The verbose parameter is deprecated. Please use get_last_lr() to access the learning rate.
  warnings.warn("The verbose parameter is deprecated. Please use get_last_lr() "
/global/home/users/jonathanswang/.local/lib/python3.11/site-packages/lightning/pytorch/trainer/configuration_validator.py:70: You defined a `validation_step` but have no `val_dataloader`. Skipping val loop.
You are using a CUDA device ('NVIDIA L40S') that has Tensor Cores. To properly utilize them, you should set `torch.set_float32_matmul_precision('medium' | 'high')` which will trade-off precision for performance. For more details, read https://pytorch.org/docs/stable/generated/torch.set_float32_matmul_precision.html#torch.set_float32_matmul_precision
Initializing distributed: GLOBAL_RANK: 0, MEMBER: 1/4
Initializing distributed: GLOBAL_RANK: 2, MEMBER: 3/4
Initializing distributed: GLOBAL_RANK: 1, MEMBER: 2/4
Initializing distributed: GLOBAL_RANK: 3, MEMBER: 4/4
----------------------------------------------------------------------------------------------------
distributed_backend=nccl
All distributed processes registered. Starting with 4 processes
----------------------------------------------------------------------------------------------------

LOCAL_RANK: 0 - CUDA_VISIBLE_DEVICES: [0,1,2,3]
LOCAL_RANK: 1 - CUDA_VISIBLE_DEVICES: [0,1,2,3]
LOCAL_RANK: 2 - CUDA_VISIBLE_DEVICES: [0,1,2,3]
LOCAL_RANK: 3 - CUDA_VISIBLE_DEVICES: [0,1,2,3]

  | Name  | Type                | Params | Mode  | FLOPs
--------------------------------------------------------------
0 | model | HuBERTPretrainModel | 94.6 M | train | 0    
--------------------------------------------------------------
94.6 M    Trainable params
0         Non-trainable params
94.6 M    Total params
378.479   Total estimated model params size (MB)
204       Modules in train mode
0         Modules in eval mode
0         Total Flops
SLURM auto-requeueing enabled. Setting signal handlers.
SLURM auto-requeueing enabled. Setting signal handlers.
SLURM auto-requeueing enabled. Setting signal handlers.
SLURM auto-requeueing enabled. Setting signal handlers.
GPUs requested 4, dataset ZF_test_pipeline,  nodes 1
GPUs requested 4, nodes 1
GPUs requested 4, dataset ZF_test_pipeline,  nodes 1
GPUs requested 4, nodes 1
GPUs requested 4, dataset ZF_test_pipeline,  nodes 1
GPUs requested 4, nodes 1
GPUs requested 4, dataset ZF_test_pipeline,  nodes 1
GPUs requested 4, nodes 1
[rank0]:[W reducer.cpp:1360] Warning: find_unused_parameters=True was specified in DDP constructor, but did not find any unused parameters in the forward pass. This flag results in an extra traversal of the autograd graph every iteration,  which can adversely affect performance. If your model indeed never has any unused parameters in the forward pass, consider turning this flag off. Note that this warning may be a false positive if your model has flow control causing later iterations to have unused parameters. (function operator())
[rank2]:[W reducer.cpp:1360] Warning: find_unused_parameters=True was specified in DDP constructor, but did not find any unused parameters in the forward pass. This flag results in an extra traversal of the autograd graph every iteration,  which can adversely affect performance. If your model indeed never has any unused parameters in the forward pass, consider turning this flag off. Note that this warning may be a false positive if your model has flow control causing later iterations to have unused parameters. (function operator())
[rank3]:[W reducer.cpp:1360] Warning: find_unused_parameters=True was specified in DDP constructor, but did not find any unused parameters in the forward pass. This flag results in an extra traversal of the autograd graph every iteration,  which can adversely affect performance. If your model indeed never has any unused parameters in the forward pass, consider turning this flag off. Note that this warning may be a false positive if your model has flow control causing later iterations to have unused parameters. (function operator())
[rank1]:[W reducer.cpp:1360] Warning: find_unused_parameters=True was specified in DDP constructor, but did not find any unused parameters in the forward pass. This flag results in an extra traversal of the autograd graph every iteration,  which can adversely affect performance. If your model indeed never has any unused parameters in the forward pass, consider turning this flag off. Note that this warning may be a false positive if your model has flow control causing later iterations to have unused parameters. (function operator())
/global/home/users/jonathanswang/.local/lib/python3.11/site-packages/lightning/pytorch/trainer/connectors/logger_connector/result.py:433: It is recommended to use `self.log('train_loss', ..., sync_dist=True)` when logging on epoch level in distributed setting to accumulate the metric across devices.
/global/home/users/jonathanswang/.local/lib/python3.11/site-packages/lightning/pytorch/trainer/connectors/logger_connector/result.py:433: It is recommended to use `self.log('train_feature_penalty', ..., sync_dist=True)` when logging on epoch level in distributed setting to accumulate the metric across devices.
/global/home/users/jonathanswang/.local/lib/python3.11/site-packages/lightning/pytorch/trainer/connectors/logger_connector/result.py:433: It is recommended to use `self.log('Gathered number of frames', ..., sync_dist=True)` when logging on epoch level in distributed setting to accumulate the metric across devices.
Epoch 0, global step 2508: 'train_loss' reached 3.69761 (best 3.69761), saving model to '/global/scratch/users/jonathanswang/temp_train_run16_seed2/checkpoints_ZF_test_pipeline_hubert_pretrain_base/epoch=0-step=2508.ckpt' as top 5
Epoch 1, global step 5014: 'train_loss' reached 2.68997 (best 2.68997), saving model to '/global/scratch/users/jonathanswang/temp_train_run16_seed2/checkpoints_ZF_test_pipeline_hubert_pretrain_base/epoch=1-step=5014.ckpt' as top 5
Epoch 2, global step 7521: 'train_loss' reached 2.24453 (best 2.24453), saving model to '/global/scratch/users/jonathanswang/temp_train_run16_seed2/checkpoints_ZF_test_pipeline_hubert_pretrain_base/epoch=2-step=7521.ckpt' as top 5
Epoch 3, global step 10028: 'train_loss' reached 2.00828 (best 2.00828), saving model to '/global/scratch/users/jonathanswang/temp_train_run16_seed2/checkpoints_ZF_test_pipeline_hubert_pretrain_base/epoch=3-step=10028.ckpt' as top 5
Epoch 4, global step 12535: 'train_loss' reached 1.84685 (best 1.84685), saving model to '/global/scratch/users/jonathanswang/temp_train_run16_seed2/checkpoints_ZF_test_pipeline_hubert_pretrain_base/epoch=4-step=12535.ckpt' as top 5
Epoch 5, global step 15041: 'train_loss' reached 1.72173 (best 1.72173), saving model to '/global/scratch/users/jonathanswang/temp_train_run16_seed2/checkpoints_ZF_test_pipeline_hubert_pretrain_base/epoch=5-step=15041.ckpt' as top 5
Epoch 6, global step 17548: 'train_loss' reached 1.62358 (best 1.62358), saving model to '/global/scratch/users/jonathanswang/temp_train_run16_seed2/checkpoints_ZF_test_pipeline_hubert_pretrain_base/epoch=6-step=17548.ckpt' as top 5
Epoch 7, global step 20055: 'train_loss' reached 1.54478 (best 1.54478), saving model to '/global/scratch/users/jonathanswang/temp_train_run16_seed2/checkpoints_ZF_test_pipeline_hubert_pretrain_base/epoch=7-step=20055.ckpt' as top 5
Epoch 8, global step 22563: 'train_loss' reached 1.48187 (best 1.48187), saving model to '/global/scratch/users/jonathanswang/temp_train_run16_seed2/checkpoints_ZF_test_pipeline_hubert_pretrain_base/epoch=8-step=22563.ckpt' as top 5
Epoch 9, global step 25069: 'train_loss' reached 1.42611 (best 1.42611), saving model to '/global/scratch/users/jonathanswang/temp_train_run16_seed2/checkpoints_ZF_test_pipeline_hubert_pretrain_base/epoch=9-step=25069.ckpt' as top 5
Epoch 10, global step 27576: 'train_loss' reached 1.39424 (best 1.39424), saving model to '/global/scratch/users/jonathanswang/temp_train_run16_seed2/checkpoints_ZF_test_pipeline_hubert_pretrain_base/epoch=10-step=27576.ckpt' as top 5
Epoch 11, global step 30083: 'train_loss' reached 1.35341 (best 1.35341), saving model to '/global/scratch/users/jonathanswang/temp_train_run16_seed2/checkpoints_ZF_test_pipeline_hubert_pretrain_base/epoch=11-step=30083.ckpt' as top 5
Epoch 12, global step 32590: 'train_loss' reached 1.32527 (best 1.32527), saving model to '/global/scratch/users/jonathanswang/temp_train_run16_seed2/checkpoints_ZF_test_pipeline_hubert_pretrain_base/epoch=12-step=32590.ckpt' as top 5
Epoch 13, global step 35097: 'train_loss' reached 1.29458 (best 1.29458), saving model to '/global/scratch/users/jonathanswang/temp_train_run16_seed2/checkpoints_ZF_test_pipeline_hubert_pretrain_base/epoch=13-step=35097.ckpt' as top 5
Epoch 14, global step 37605: 'train_loss' reached 1.26072 (best 1.26072), saving model to '/global/scratch/users/jonathanswang/temp_train_run16_seed2/checkpoints_ZF_test_pipeline_hubert_pretrain_base/epoch=14-step=37605.ckpt' as top 5
Epoch 15, global step 40112: 'train_loss' reached 1.24685 (best 1.24685), saving model to '/global/scratch/users/jonathanswang/temp_train_run16_seed2/checkpoints_ZF_test_pipeline_hubert_pretrain_base/epoch=15-step=40112.ckpt' as top 5
Epoch 16, global step 42619: 'train_loss' reached 1.22751 (best 1.22751), saving model to '/global/scratch/users/jonathanswang/temp_train_run16_seed2/checkpoints_ZF_test_pipeline_hubert_pretrain_base/epoch=16-step=42619.ckpt' as top 5
Epoch 17, global step 45126: 'train_loss' reached 1.20641 (best 1.20641), saving model to '/global/scratch/users/jonathanswang/temp_train_run16_seed2/checkpoints_ZF_test_pipeline_hubert_pretrain_base/epoch=17-step=45126.ckpt' as top 5
Epoch 18, global step 47633: 'train_loss' reached 1.19569 (best 1.19569), saving model to '/global/scratch/users/jonathanswang/temp_train_run16_seed2/checkpoints_ZF_test_pipeline_hubert_pretrain_base/epoch=18-step=47633.ckpt' as top 5
Epoch 19, global step 50141: 'train_loss' reached 1.17664 (best 1.17664), saving model to '/global/scratch/users/jonathanswang/temp_train_run16_seed2/checkpoints_ZF_test_pipeline_hubert_pretrain_base/epoch=19-step=50141.ckpt' as top 5
Epoch 20, global step 52648: 'train_loss' reached 1.17308 (best 1.17308), saving model to '/global/scratch/users/jonathanswang/temp_train_run16_seed2/checkpoints_ZF_test_pipeline_hubert_pretrain_base/epoch=20-step=52648.ckpt' as top 5
Epoch 21, global step 55154: 'train_loss' reached 1.15642 (best 1.15642), saving model to '/global/scratch/users/jonathanswang/temp_train_run16_seed2/checkpoints_ZF_test_pipeline_hubert_pretrain_base/epoch=21-step=55154.ckpt' as top 5
Epoch 22, global step 57662: 'train_loss' reached 1.15286 (best 1.15286), saving model to '/global/scratch/users/jonathanswang/temp_train_run16_seed2/checkpoints_ZF_test_pipeline_hubert_pretrain_base/epoch=22-step=57662.ckpt' as top 5
[2026-10-05T09:23:19.129] error: *** STEP 39635284.0 ON n0388.savio4 CANCELLED AT 2026-10-05T09:23:19 DUE to SIGNAL Terminated ***
[rank: 2] Received SIGTERM: 15
Bypassing SIGTERM: 15
[rank: 1] Received SIGTERM: 15
[rank: 0] Received SIGTERM: 15
Bypassing SIGTERM: 15
Bypassing SIGTERM: 15
[rank: 3] Received SIGTERM: 15
Bypassing SIGTERM: 15

End: Mon Oct  5 09:23:47 PDT 2026   train.py exit=0
-rw-r--r--+ 1 jonathanswang ucb 1135715448 Oct  5 08:46 epoch=19-step=50141.ckpt
-rw-r--r--+ 1 jonathanswang ucb 1135715448 Oct  5 08:56 epoch=20-step=52648.ckpt
-rw-r--r--+ 1 jonathanswang ucb 1135715448 Oct  5 09:07 epoch=21-step=55154.ckpt
-rw-r--r--+ 1 jonathanswang ucb 1135715448 Oct  5 09:17 epoch=22-step=57662.ckpt
-rw-r--r--+ 1 jonathanswang ucb 1135715448 Oct  5 09:17 last.ckpt
==============================================
HuBERT run16 -- run15 with all four GPUs actually used (4x compute)
Start: Mon Oct  5 20:38:59 PDT 2026
==============================================
[precheck] audio OK: 763 files, 224.42 h under /global/scratch/users/jonathanswang/temp_files (9 rows probed head/middle/tail)
[precheck] labels: 40,395,592 frames, vocabulary 200, --num-classes 200
0, NVIDIA L40S, 46068 MiB
1, NVIDIA L40S, 46068 MiB
2, NVIDIA L40S, 46068 MiB
3, NVIDIA L40S, 46068 MiB
PyTorch: 2.2.2 | CUDA: True 12.1
GPUs visible: 4
[resume] found /global/scratch/users/jonathanswang/temp_train_run16_seed2/checkpoints_ZF_test_pipeline_hubert_pretrain_base/last.ckpt -- continuing rather than restarting

Starting training...

[rank: 0] Seed set to 2
[rank: 1] Seed set to 2
[rank: 2] Seed set to 2
[rank: 3] Seed set to 2
GPU available: True (cuda), used: True
TPU available: False, using: 0 TPU cores
/global/home/users/jonathanswang/.local/lib/python3.11/site-packages/lightning/pytorch/trainer/connectors/logger_connector/logger_connector.py:76: Starting from v1.9.0, `tensorboardX` has been removed as a dependency of the `lightning.pytorch` package, due to potential conflicts with other packages in the ML ecosystem. For this reason, `logger=True` will use `CSVLogger` as the default logger, unless the `tensorboard` or `tensorboardX` packages are found. Please `pip install lightning[extra]` or one of them to enable TensorBoard support by default
💡 Tip: For seamless cloud logging and experiment tracking, try installing [litlogger](https://pypi.org/project/litlogger/) to enable LitLogger, which logs metrics and artifacts automatically to the Lightning Experiments platform.
/global/home/users/jonathanswang/.conda/envs/hubert_env/lib/python3.11/site-packages/torch/optim/lr_scheduler.py:28: UserWarning: The verbose parameter is deprecated. Please use get_last_lr() to access the learning rate.
  warnings.warn("The verbose parameter is deprecated. Please use get_last_lr() "
/global/home/users/jonathanswang/.conda/envs/hubert_env/lib/python3.11/site-packages/torch/optim/lr_scheduler.py:28: UserWarning: The verbose parameter is deprecated. Please use get_last_lr() to access the learning rate.
  warnings.warn("The verbose parameter is deprecated. Please use get_last_lr() "
/global/home/users/jonathanswang/.conda/envs/hubert_env/lib/python3.11/site-packages/torch/optim/lr_scheduler.py:28: UserWarning: The verbose parameter is deprecated. Please use get_last_lr() to access the learning rate.
  warnings.warn("The verbose parameter is deprecated. Please use get_last_lr() "
/global/home/users/jonathanswang/.conda/envs/hubert_env/lib/python3.11/site-packages/torch/optim/lr_scheduler.py:28: UserWarning: The verbose parameter is deprecated. Please use get_last_lr() to access the learning rate.
  warnings.warn("The verbose parameter is deprecated. Please use get_last_lr() "
/global/home/users/jonathanswang/.local/lib/python3.11/site-packages/lightning/pytorch/trainer/configuration_validator.py:70: You defined a `validation_step` but have no `val_dataloader`. Skipping val loop.
You are using a CUDA device ('NVIDIA L40S') that has Tensor Cores. To properly utilize them, you should set `torch.set_float32_matmul_precision('medium' | 'high')` which will trade-off precision for performance. For more details, read https://pytorch.org/docs/stable/generated/torch.set_float32_matmul_precision.html#torch.set_float32_matmul_precision
Initializing distributed: GLOBAL_RANK: 0, MEMBER: 1/4
Initializing distributed: GLOBAL_RANK: 2, MEMBER: 3/4
Initializing distributed: GLOBAL_RANK: 3, MEMBER: 4/4
Initializing distributed: GLOBAL_RANK: 1, MEMBER: 2/4
----------------------------------------------------------------------------------------------------
distributed_backend=nccl
All distributed processes registered. Starting with 4 processes
----------------------------------------------------------------------------------------------------

/global/home/users/jonathanswang/.local/lib/python3.11/site-packages/lightning/pytorch/callbacks/model_checkpoint.py:881: Checkpoint directory /global/scratch/users/jonathanswang/temp_train_run16_seed2/checkpoints_ZF_test_pipeline_hubert_pretrain_base exists and is not empty.
Restoring states from the checkpoint path at /global/scratch/users/jonathanswang/temp_train_run16_seed2/checkpoints_ZF_test_pipeline_hubert_pretrain_base/last.ckpt
LOCAL_RANK: 3 - CUDA_VISIBLE_DEVICES: [0,1,2,3]
LOCAL_RANK: 0 - CUDA_VISIBLE_DEVICES: [0,1,2,3]
LOCAL_RANK: 1 - CUDA_VISIBLE_DEVICES: [0,1,2,3]
LOCAL_RANK: 2 - CUDA_VISIBLE_DEVICES: [0,1,2,3]

  | Name  | Type                | Params | Mode  | FLOPs
--------------------------------------------------------------
0 | model | HuBERTPretrainModel | 94.6 M | train | 0    
--------------------------------------------------------------
94.6 M    Trainable params
0         Non-trainable params
94.6 M    Total params
378.479   Total estimated model params size (MB)
204       Modules in train mode
0         Modules in eval mode
0         Total Flops
Restored all states from the checkpoint at /global/scratch/users/jonathanswang/temp_train_run16_seed2/checkpoints_ZF_test_pipeline_hubert_pretrain_base/last.ckpt
SLURM auto-requeueing enabled. Setting signal handlers.
SLURM auto-requeueing enabled. Setting signal handlers.
SLURM auto-requeueing enabled. Setting signal handlers.
SLURM auto-requeueing enabled. Setting signal handlers.
GPUs requested 4, dataset ZF_test_pipeline,  nodes 1
GPUs requested 4, nodes 1
GPUs requested 4, dataset ZF_test_pipeline,  nodes 1
GPUs requested 4, nodes 1
GPUs requested 4, dataset ZF_test_pipeline,  nodes 1
GPUs requested 4, nodes 1
GPUs requested 4, dataset ZF_test_pipeline,  nodes 1
GPUs requested 4, nodes 1
/global/home/users/jonathanswang/.local/lib/python3.11/site-packages/lightning/pytorch/loops/training_epoch_loop.py:224: You're resuming from a checkpoint that ended before the epoch ended and your dataloader is not resumable. This can cause unreliable results if further training is done. Consider using an end-of-epoch checkpoint or make your dataloader resumable by implementing the `state_dict` / `load_state_dict` interface.
[rank0]:[W reducer.cpp:1360] Warning: find_unused_parameters=True was specified in DDP constructor, but did not find any unused parameters in the forward pass. This flag results in an extra traversal of the autograd graph every iteration,  which can adversely affect performance. If your model indeed never has any unused parameters in the forward pass, consider turning this flag off. Note that this warning may be a false positive if your model has flow control causing later iterations to have unused parameters. (function operator())
[rank3]:[W reducer.cpp:1360] Warning: find_unused_parameters=True was specified in DDP constructor, but did not find any unused parameters in the forward pass. This flag results in an extra traversal of the autograd graph every iteration,  which can adversely affect performance. If your model indeed never has any unused parameters in the forward pass, consider turning this flag off. Note that this warning may be a false positive if your model has flow control causing later iterations to have unused parameters. (function operator())
[rank1]:[W reducer.cpp:1360] Warning: find_unused_parameters=True was specified in DDP constructor, but did not find any unused parameters in the forward pass. This flag results in an extra traversal of the autograd graph every iteration,  which can adversely affect performance. If your model indeed never has any unused parameters in the forward pass, consider turning this flag off. Note that this warning may be a false positive if your model has flow control causing later iterations to have unused parameters. (function operator())
[rank2]:[W reducer.cpp:1360] Warning: find_unused_parameters=True was specified in DDP constructor, but did not find any unused parameters in the forward pass. This flag results in an extra traversal of the autograd graph every iteration,  which can adversely affect performance. If your model indeed never has any unused parameters in the forward pass, consider turning this flag off. Note that this warning may be a false positive if your model has flow control causing later iterations to have unused parameters. (function operator())
/global/home/users/jonathanswang/.local/lib/python3.11/site-packages/lightning/pytorch/trainer/connectors/logger_connector/result.py:433: It is recommended to use `self.log('train_loss', ..., sync_dist=True)` when logging on epoch level in distributed setting to accumulate the metric across devices.
/global/home/users/jonathanswang/.local/lib/python3.11/site-packages/lightning/pytorch/trainer/connectors/logger_connector/result.py:433: It is recommended to use `self.log('train_feature_penalty', ..., sync_dist=True)` when logging on epoch level in distributed setting to accumulate the metric across devices.
/global/home/users/jonathanswang/.local/lib/python3.11/site-packages/lightning/pytorch/trainer/connectors/logger_connector/result.py:433: It is recommended to use `self.log('Gathered number of frames', ..., sync_dist=True)` when logging on epoch level in distributed setting to accumulate the metric across devices.
Epoch 22, global step 57663: 'train_loss' reached 1.02180 (best 1.02180), saving model to '/global/scratch/users/jonathanswang/temp_train_run16_seed2/checkpoints_ZF_test_pipeline_hubert_pretrain_base/epoch=22-step=57663.ckpt' as top 5
Epoch 23, global step 60168: 'train_loss' reached 1.13088 (best 1.02180), saving model to '/global/scratch/users/jonathanswang/temp_train_run16_seed2/checkpoints_ZF_test_pipeline_hubert_pretrain_base/epoch=23-step=60168.ckpt' as top 5
Epoch 24, global step 62675: 'train_loss' reached 1.12401 (best 1.02180), saving model to '/global/scratch/users/jonathanswang/temp_train_run16_seed2/checkpoints_ZF_test_pipeline_hubert_pretrain_base/epoch=24-step=62675.ckpt' as top 5
Epoch 25, global step 65182: 'train_loss' reached 1.11620 (best 1.02180), saving model to '/global/scratch/users/jonathanswang/temp_train_run16_seed2/checkpoints_ZF_test_pipeline_hubert_pretrain_base/epoch=25-step=65182.ckpt' as top 5
Epoch 26, global step 67689: 'train_loss' reached 1.10691 (best 1.02180), saving model to '/global/scratch/users/jonathanswang/temp_train_run16_seed2/checkpoints_ZF_test_pipeline_hubert_pretrain_base/epoch=26-step=67689.ckpt' as top 5
Epoch 27, global step 70196: 'train_loss' reached 1.10047 (best 1.02180), saving model to '/global/scratch/users/jonathanswang/temp_train_run16_seed2/checkpoints_ZF_test_pipeline_hubert_pretrain_base/epoch=27-step=70196.ckpt' as top 5
Epoch 28, global step 72702: 'train_loss' reached 1.09110 (best 1.02180), saving model to '/global/scratch/users/jonathanswang/temp_train_run16_seed2/checkpoints_ZF_test_pipeline_hubert_pretrain_base/epoch=28-step=72702.ckpt' as top 5
Epoch 29, global step 75210: 'train_loss' reached 1.08476 (best 1.02180), saving model to '/global/scratch/users/jonathanswang/temp_train_run16_seed2/checkpoints_ZF_test_pipeline_hubert_pretrain_base/epoch=29-step=75210.ckpt' as top 5
Epoch 30, global step 77717: 'train_loss' reached 1.07804 (best 1.02180), saving model to '/global/scratch/users/jonathanswang/temp_train_run16_seed2/checkpoints_ZF_test_pipeline_hubert_pretrain_base/epoch=30-step=77717.ckpt' as top 5
Epoch 31, global step 80224: 'train_loss' reached 1.07516 (best 1.02180), saving model to '/global/scratch/users/jonathanswang/temp_train_run16_seed2/checkpoints_ZF_test_pipeline_hubert_pretrain_base/epoch=31-step=80224.ckpt' as top 5
Epoch 32, global step 82730: 'train_loss' reached 1.07128 (best 1.02180), saving model to '/global/scratch/users/jonathanswang/temp_train_run16_seed2/checkpoints_ZF_test_pipeline_hubert_pretrain_base/epoch=32-step=82730.ckpt' as top 5
Epoch 33, global step 85237: 'train_loss' reached 1.06099 (best 1.02180), saving model to '/global/scratch/users/jonathanswang/temp_train_run16_seed2/checkpoints_ZF_test_pipeline_hubert_pretrain_base/epoch=33-step=85237.ckpt' as top 5
Epoch 34, global step 87744: 'train_loss' reached 1.05783 (best 1.02180), saving model to '/global/scratch/users/jonathanswang/temp_train_run16_seed2/checkpoints_ZF_test_pipeline_hubert_pretrain_base/epoch=34-step=87744.ckpt' as top 5
Epoch 35, global step 90252: 'train_loss' reached 1.04955 (best 1.02180), saving model to '/global/scratch/users/jonathanswang/temp_train_run16_seed2/checkpoints_ZF_test_pipeline_hubert_pretrain_base/epoch=35-step=90252.ckpt' as top 5
Epoch 36, global step 92758: 'train_loss' reached 1.04799 (best 1.02180), saving model to '/global/scratch/users/jonathanswang/temp_train_run16_seed2/checkpoints_ZF_test_pipeline_hubert_pretrain_base/epoch=36-step=92758.ckpt' as top 5
Epoch 37, global step 93750: 'train_loss' reached 1.04723 (best 1.02180), saving model to '/global/scratch/users/jonathanswang/temp_train_run16_seed2/checkpoints_ZF_test_pipeline_hubert_pretrain_base/epoch=37-step=93750.ckpt' as top 5
`Trainer.fit` stopped: `max_steps=93750` reached.

End: Mon Oct  5 23:23:47 PDT 2026   train.py exit=0
-rw-r--r--+ 1 jonathanswang ucb 1135715512 Oct  5 22:56 epoch=34-step=87744.ckpt
-rw-r--r--+ 1 jonathanswang ucb 1135715512 Oct  5 23:07 epoch=35-step=90252.ckpt
-rw-r--r--+ 1 jonathanswang ucb 1135715512 Oct  5 23:18 epoch=36-step=92758.ckpt
-rw-r--r--+ 1 jonathanswang ucb 1135715512 Oct  5 23:23 epoch=37-step=93750.ckpt
-rw-r--r--+ 1 jonathanswang ucb 1135715512 Oct  5 23:23 last.ckpt
