==============================================
HuBERT run18 -- run16 recipe on iteration-2 labels (run16 layer 6, k=200)
Start: Sun Oct  4 22:37:03 PDT 2026
==============================================
[precheck] audio OK: 763 files, 224.42 h under /global/scratch/users/jonathanswang/temp_files (9 rows probed head/middle/tail)
[precheck] labels: 40,395,560 frames, vocabulary 200, --num-classes 200
0, NVIDIA L40S, 46068 MiB
1, NVIDIA L40S, 46068 MiB
2, NVIDIA L40S, 46068 MiB
3, NVIDIA L40S, 46068 MiB
PyTorch: 2.2.2 | CUDA: True 12.1
GPUs visible: 4

Starting training...

[rank: 0] Seed set to 1337
[rank: 1] Seed set to 1337
[rank: 2] Seed set to 1337
[rank: 3] Seed set to 1337
GPU available: True (cuda), used: True
TPU available: False, using: 0 TPU cores
/global/home/users/jonathanswang/.local/lib/python3.11/site-packages/lightning/pytorch/trainer/connectors/logger_connector/logger_connector.py:76: Starting from v1.9.0, `tensorboardX` has been removed as a dependency of the `lightning.pytorch` package, due to potential conflicts with other packages in the ML ecosystem. For this reason, `logger=True` will use `CSVLogger` as the default logger, unless the `tensorboard` or `tensorboardX` packages are found. Please `pip install lightning[extra]` or one of them to enable TensorBoard support by default
💡 Tip: For seamless cloud logging and experiment tracking, try installing [litlogger](https://pypi.org/project/litlogger/) to enable LitLogger, which logs metrics and artifacts automatically to the Lightning Experiments platform.
/global/home/users/jonathanswang/.conda/envs/hubert_env/lib/python3.11/site-packages/torch/optim/lr_scheduler.py:28: UserWarning: The verbose parameter is deprecated. Please use get_last_lr() to access the learning rate.
  warnings.warn("The verbose parameter is deprecated. Please use get_last_lr() "
/global/home/users/jonathanswang/.conda/envs/hubert_env/lib/python3.11/site-packages/torch/optim/lr_scheduler.py:28: UserWarning: The verbose parameter is deprecated. Please use get_last_lr() to access the learning rate.
  warnings.warn("The verbose parameter is deprecated. Please use get_last_lr() "
/global/home/users/jonathanswang/.conda/envs/hubert_env/lib/python3.11/site-packages/torch/optim/lr_scheduler.py:28: UserWarning: The verbose parameter is deprecated. Please use get_last_lr() to access the learning rate.
  warnings.warn("The verbose parameter is deprecated. Please use get_last_lr() "
/global/home/users/jonathanswang/.conda/envs/hubert_env/lib/python3.11/site-packages/torch/optim/lr_scheduler.py:28: UserWarning: The verbose parameter is deprecated. Please use get_last_lr() to access the learning rate.
  warnings.warn("The verbose parameter is deprecated. Please use get_last_lr() "
/global/home/users/jonathanswang/.local/lib/python3.11/site-packages/lightning/pytorch/trainer/configuration_validator.py:70: You defined a `validation_step` but have no `val_dataloader`. Skipping val loop.
You are using a CUDA device ('NVIDIA L40S') that has Tensor Cores. To properly utilize them, you should set `torch.set_float32_matmul_precision('medium' | 'high')` which will trade-off precision for performance. For more details, read https://pytorch.org/docs/stable/generated/torch.set_float32_matmul_precision.html#torch.set_float32_matmul_precision
Initializing distributed: GLOBAL_RANK: 0, MEMBER: 1/4
Initializing distributed: GLOBAL_RANK: 1, MEMBER: 2/4
Initializing distributed: GLOBAL_RANK: 2, MEMBER: 3/4
Initializing distributed: GLOBAL_RANK: 3, MEMBER: 4/4
----------------------------------------------------------------------------------------------------
distributed_backend=nccl
All distributed processes registered. Starting with 4 processes
----------------------------------------------------------------------------------------------------

LOCAL_RANK: 1 - CUDA_VISIBLE_DEVICES: [0,1,2,3]
LOCAL_RANK: 2 - CUDA_VISIBLE_DEVICES: [0,1,2,3]
LOCAL_RANK: 3 - CUDA_VISIBLE_DEVICES: [0,1,2,3]
LOCAL_RANK: 0 - CUDA_VISIBLE_DEVICES: [0,1,2,3]

  | Name  | Type                | Params | Mode  | FLOPs
--------------------------------------------------------------
0 | model | HuBERTPretrainModel | 94.6 M | train | 0    
--------------------------------------------------------------
94.6 M    Trainable params
0         Non-trainable params
94.6 M    Total params
378.479   Total estimated model params size (MB)
204       Modules in train mode
0         Modules in eval mode
0         Total Flops
SLURM auto-requeueing enabled. Setting signal handlers.
SLURM auto-requeueing enabled. Setting signal handlers.
SLURM auto-requeueing enabled. Setting signal handlers.
SLURM auto-requeueing enabled. Setting signal handlers.
GPUs requested 4, dataset ZF_test_pipeline,  nodes 1
GPUs requested 4, nodes 1
GPUs requested 4, dataset ZF_test_pipeline,  nodes 1
GPUs requested 4, nodes 1
GPUs requested 4, dataset ZF_test_pipeline,  nodes 1
GPUs requested 4, nodes 1
GPUs requested 4, dataset ZF_test_pipeline,  nodes 1
GPUs requested 4, nodes 1
[rank2]:[W reducer.cpp:1360] Warning: find_unused_parameters=True was specified in DDP constructor, but did not find any unused parameters in the forward pass. This flag results in an extra traversal of the autograd graph every iteration,  which can adversely affect performance. If your model indeed never has any unused parameters in the forward pass, consider turning this flag off. Note that this warning may be a false positive if your model has flow control causing later iterations to have unused parameters. (function operator())
[rank3]:[W reducer.cpp:1360] Warning: find_unused_parameters=True was specified in DDP constructor, but did not find any unused parameters in the forward pass. This flag results in an extra traversal of the autograd graph every iteration,  which can adversely affect performance. If your model indeed never has any unused parameters in the forward pass, consider turning this flag off. Note that this warning may be a false positive if your model has flow control causing later iterations to have unused parameters. (function operator())
[rank1]:[W reducer.cpp:1360] Warning: find_unused_parameters=True was specified in DDP constructor, but did not find any unused parameters in the forward pass. This flag results in an extra traversal of the autograd graph every iteration,  which can adversely affect performance. If your model indeed never has any unused parameters in the forward pass, consider turning this flag off. Note that this warning may be a false positive if your model has flow control causing later iterations to have unused parameters. (function operator())
[rank0]:[W reducer.cpp:1360] Warning: find_unused_parameters=True was specified in DDP constructor, but did not find any unused parameters in the forward pass. This flag results in an extra traversal of the autograd graph every iteration,  which can adversely affect performance. If your model indeed never has any unused parameters in the forward pass, consider turning this flag off. Note that this warning may be a false positive if your model has flow control causing later iterations to have unused parameters. (function operator())
/global/home/users/jonathanswang/.local/lib/python3.11/site-packages/lightning/pytorch/trainer/connectors/logger_connector/result.py:433: It is recommended to use `self.log('train_loss', ..., sync_dist=True)` when logging on epoch level in distributed setting to accumulate the metric across devices.
/global/home/users/jonathanswang/.local/lib/python3.11/site-packages/lightning/pytorch/trainer/connectors/logger_connector/result.py:433: It is recommended to use `self.log('train_feature_penalty', ..., sync_dist=True)` when logging on epoch level in distributed setting to accumulate the metric across devices.
/global/home/users/jonathanswang/.local/lib/python3.11/site-packages/lightning/pytorch/trainer/connectors/logger_connector/result.py:433: It is recommended to use `self.log('Gathered number of frames', ..., sync_dist=True)` when logging on epoch level in distributed setting to accumulate the metric across devices.
Epoch 0, global step 2508: 'train_loss' reached 4.20243 (best 4.20243), saving model to '/global/scratch/users/jonathanswang/temp_train_run18_iter2/checkpoints_ZF_test_pipeline_hubert_pretrain_base/epoch=0-step=2508.ckpt' as top 5
Epoch 1, global step 5014: 'train_loss' reached 2.99669 (best 2.99669), saving model to '/global/scratch/users/jonathanswang/temp_train_run18_iter2/checkpoints_ZF_test_pipeline_hubert_pretrain_base/epoch=1-step=5014.ckpt' as top 5
Epoch 2, global step 7521: 'train_loss' reached 2.38151 (best 2.38151), saving model to '/global/scratch/users/jonathanswang/temp_train_run18_iter2/checkpoints_ZF_test_pipeline_hubert_pretrain_base/epoch=2-step=7521.ckpt' as top 5
Epoch 3, global step 10028: 'train_loss' reached 2.10072 (best 2.10072), saving model to '/global/scratch/users/jonathanswang/temp_train_run18_iter2/checkpoints_ZF_test_pipeline_hubert_pretrain_base/epoch=3-step=10028.ckpt' as top 5
Epoch 4, global step 12535: 'train_loss' reached 1.93817 (best 1.93817), saving model to '/global/scratch/users/jonathanswang/temp_train_run18_iter2/checkpoints_ZF_test_pipeline_hubert_pretrain_base/epoch=4-step=12535.ckpt' as top 5
Epoch 5, global step 15043: 'train_loss' reached 1.82783 (best 1.82783), saving model to '/global/scratch/users/jonathanswang/temp_train_run18_iter2/checkpoints_ZF_test_pipeline_hubert_pretrain_base/epoch=5-step=15043.ckpt' as top 5
Epoch 6, global step 17550: 'train_loss' reached 1.74380 (best 1.74380), saving model to '/global/scratch/users/jonathanswang/temp_train_run18_iter2/checkpoints_ZF_test_pipeline_hubert_pretrain_base/epoch=6-step=17550.ckpt' as top 5
Epoch 7, global step 20057: 'train_loss' reached 1.69694 (best 1.69694), saving model to '/global/scratch/users/jonathanswang/temp_train_run18_iter2/checkpoints_ZF_test_pipeline_hubert_pretrain_base/epoch=7-step=20057.ckpt' as top 5
Epoch 8, global step 22564: 'train_loss' reached 1.64632 (best 1.64632), saving model to '/global/scratch/users/jonathanswang/temp_train_run18_iter2/checkpoints_ZF_test_pipeline_hubert_pretrain_base/epoch=8-step=22564.ckpt' as top 5
Epoch 9, global step 25071: 'train_loss' reached 1.61868 (best 1.61868), saving model to '/global/scratch/users/jonathanswang/temp_train_run18_iter2/checkpoints_ZF_test_pipeline_hubert_pretrain_base/epoch=9-step=25071.ckpt' as top 5
Epoch 10, global step 27577: 'train_loss' reached 1.59706 (best 1.59706), saving model to '/global/scratch/users/jonathanswang/temp_train_run18_iter2/checkpoints_ZF_test_pipeline_hubert_pretrain_base/epoch=10-step=27577.ckpt' as top 5
Epoch 11, global step 30084: 'train_loss' reached 1.57408 (best 1.57408), saving model to '/global/scratch/users/jonathanswang/temp_train_run18_iter2/checkpoints_ZF_test_pipeline_hubert_pretrain_base/epoch=11-step=30084.ckpt' as top 5
Epoch 12, global step 32591: 'train_loss' reached 1.55919 (best 1.55919), saving model to '/global/scratch/users/jonathanswang/temp_train_run18_iter2/checkpoints_ZF_test_pipeline_hubert_pretrain_base/epoch=12-step=32591.ckpt' as top 5
Epoch 13, global step 35099: 'train_loss' reached 1.53806 (best 1.53806), saving model to '/global/scratch/users/jonathanswang/temp_train_run18_iter2/checkpoints_ZF_test_pipeline_hubert_pretrain_base/epoch=13-step=35099.ckpt' as top 5
Epoch 14, global step 37605: 'train_loss' reached 1.52530 (best 1.52530), saving model to '/global/scratch/users/jonathanswang/temp_train_run18_iter2/checkpoints_ZF_test_pipeline_hubert_pretrain_base/epoch=14-step=37605.ckpt' as top 5
Epoch 15, global step 40112: 'train_loss' reached 1.51027 (best 1.51027), saving model to '/global/scratch/users/jonathanswang/temp_train_run18_iter2/checkpoints_ZF_test_pipeline_hubert_pretrain_base/epoch=15-step=40112.ckpt' as top 5
Epoch 16, global step 42618: 'train_loss' reached 1.49777 (best 1.49777), saving model to '/global/scratch/users/jonathanswang/temp_train_run18_iter2/checkpoints_ZF_test_pipeline_hubert_pretrain_base/epoch=16-step=42618.ckpt' as top 5
Epoch 17, global step 45125: 'train_loss' reached 1.48730 (best 1.48730), saving model to '/global/scratch/users/jonathanswang/temp_train_run18_iter2/checkpoints_ZF_test_pipeline_hubert_pretrain_base/epoch=17-step=45125.ckpt' as top 5
Epoch 18, global step 47633: 'train_loss' reached 1.47548 (best 1.47548), saving model to '/global/scratch/users/jonathanswang/temp_train_run18_iter2/checkpoints_ZF_test_pipeline_hubert_pretrain_base/epoch=18-step=47633.ckpt' as top 5
Epoch 19, global step 50140: 'train_loss' reached 1.46723 (best 1.46723), saving model to '/global/scratch/users/jonathanswang/temp_train_run18_iter2/checkpoints_ZF_test_pipeline_hubert_pretrain_base/epoch=19-step=50140.ckpt' as top 5
Epoch 20, global step 52647: 'train_loss' reached 1.46713 (best 1.46713), saving model to '/global/scratch/users/jonathanswang/temp_train_run18_iter2/checkpoints_ZF_test_pipeline_hubert_pretrain_base/epoch=20-step=52647.ckpt' as top 5
Epoch 21, global step 55155: 'train_loss' reached 1.46179 (best 1.46179), saving model to '/global/scratch/users/jonathanswang/temp_train_run18_iter2/checkpoints_ZF_test_pipeline_hubert_pretrain_base/epoch=21-step=55155.ckpt' as top 5
Epoch 22, global step 57662: 'train_loss' reached 1.45528 (best 1.45528), saving model to '/global/scratch/users/jonathanswang/temp_train_run18_iter2/checkpoints_ZF_test_pipeline_hubert_pretrain_base/epoch=22-step=57662.ckpt' as top 5
Epoch 23, global step 60168: 'train_loss' reached 1.43652 (best 1.43652), saving model to '/global/scratch/users/jonathanswang/temp_train_run18_iter2/checkpoints_ZF_test_pipeline_hubert_pretrain_base/epoch=23-step=60168.ckpt' as top 5
Epoch 24, global step 62675: 'train_loss' reached 1.43550 (best 1.43550), saving model to '/global/scratch/users/jonathanswang/temp_train_run18_iter2/checkpoints_ZF_test_pipeline_hubert_pretrain_base/epoch=24-step=62675.ckpt' as top 5
Epoch 25, global step 65182: 'train_loss' reached 1.43597 (best 1.43550), saving model to '/global/scratch/users/jonathanswang/temp_train_run18_iter2/checkpoints_ZF_test_pipeline_hubert_pretrain_base/epoch=25-step=65182.ckpt' as top 5
Epoch 26, global step 67689: 'train_loss' reached 1.42804 (best 1.42804), saving model to '/global/scratch/users/jonathanswang/temp_train_run18_iter2/checkpoints_ZF_test_pipeline_hubert_pretrain_base/epoch=26-step=67689.ckpt' as top 5
Epoch 27, global step 70195: 'train_loss' reached 1.41895 (best 1.41895), saving model to '/global/scratch/users/jonathanswang/temp_train_run18_iter2/checkpoints_ZF_test_pipeline_hubert_pretrain_base/epoch=27-step=70195.ckpt' as top 5
Epoch 28, global step 72703: 'train_loss' reached 1.41569 (best 1.41569), saving model to '/global/scratch/users/jonathanswang/temp_train_run18_iter2/checkpoints_ZF_test_pipeline_hubert_pretrain_base/epoch=28-step=72703.ckpt' as top 5
Epoch 29, global step 75210: 'train_loss' reached 1.41583 (best 1.41569), saving model to '/global/scratch/users/jonathanswang/temp_train_run18_iter2/checkpoints_ZF_test_pipeline_hubert_pretrain_base/epoch=29-step=75210.ckpt' as top 5
Epoch 30, global step 77717: 'train_loss' reached 1.40654 (best 1.40654), saving model to '/global/scratch/users/jonathanswang/temp_train_run18_iter2/checkpoints_ZF_test_pipeline_hubert_pretrain_base/epoch=30-step=77717.ckpt' as top 5
Epoch 31, global step 80224: 'train_loss' reached 1.40054 (best 1.40054), saving model to '/global/scratch/users/jonathanswang/temp_train_run18_iter2/checkpoints_ZF_test_pipeline_hubert_pretrain_base/epoch=31-step=80224.ckpt' as top 5
Epoch 32, global step 82731: 'train_loss' reached 1.39936 (best 1.39936), saving model to '/global/scratch/users/jonathanswang/temp_train_run18_iter2/checkpoints_ZF_test_pipeline_hubert_pretrain_base/epoch=32-step=82731.ckpt' as top 5
Epoch 33, global step 85238: 'train_loss' reached 1.39437 (best 1.39437), saving model to '/global/scratch/users/jonathanswang/temp_train_run18_iter2/checkpoints_ZF_test_pipeline_hubert_pretrain_base/epoch=33-step=85238.ckpt' as top 5
Epoch 34, global step 87745: 'train_loss' reached 1.39072 (best 1.39072), saving model to '/global/scratch/users/jonathanswang/temp_train_run18_iter2/checkpoints_ZF_test_pipeline_hubert_pretrain_base/epoch=34-step=87745.ckpt' as top 5
Epoch 35, global step 90252: 'train_loss' reached 1.38962 (best 1.38962), saving model to '/global/scratch/users/jonathanswang/temp_train_run18_iter2/checkpoints_ZF_test_pipeline_hubert_pretrain_base/epoch=35-step=90252.ckpt' as top 5
Epoch 36, global step 92759: 'train_loss' reached 1.38853 (best 1.38853), saving model to '/global/scratch/users/jonathanswang/temp_train_run18_iter2/checkpoints_ZF_test_pipeline_hubert_pretrain_base/epoch=36-step=92759.ckpt' as top 5
Epoch 37, global step 93750: 'train_loss' reached 1.38423 (best 1.38423), saving model to '/global/scratch/users/jonathanswang/temp_train_run18_iter2/checkpoints_ZF_test_pipeline_hubert_pretrain_base/epoch=37-step=93750.ckpt' as top 5
`Trainer.fit` stopped: `max_steps=93750` reached.

End: Mon Oct  5 05:11:51 PDT 2026   train.py exit=0
-rw-r--r--+ 1 jonathanswang ucb 1135715512 Oct  5 04:45 epoch=34-step=87745.ckpt
-rw-r--r--+ 1 jonathanswang ucb 1135715512 Oct  5 04:55 epoch=35-step=90252.ckpt
-rw-r--r--+ 1 jonathanswang ucb 1135715512 Oct  5 05:06 epoch=36-step=92759.ckpt
-rw-r--r--+ 1 jonathanswang ucb 1135715512 Oct  5 05:11 epoch=37-step=93750.ckpt
-rw-r--r--+ 1 jonathanswang ucb 1135715512 Oct  5 05:11 last.ckpt
