==============================================
HuBERT run18 -- run16 recipe on iteration-2 labels (run16 layer 6, k=200)
Start: Mon Oct  5 23:24:19 PDT 2026
==============================================
[precheck] audio OK: 763 files, 224.42 h under /global/scratch/users/jonathanswang/temp_files (9 rows probed head/middle/tail)
[precheck] labels: 40,395,560 frames, vocabulary 200, --num-classes 200
0, NVIDIA L40S, 46068 MiB
1, NVIDIA L40S, 46068 MiB
2, NVIDIA L40S, 46068 MiB
3, NVIDIA L40S, 46068 MiB
PyTorch: 2.2.2 | CUDA: True 12.1
GPUs visible: 4

Starting training...

[rank: 1] Seed set to 1337
[rank: 2] Seed set to 1337
[rank: 0] Seed set to 1337
[rank: 3] Seed set to 1337
GPU available: True (cuda), used: True
TPU available: False, using: 0 TPU cores
/global/home/users/jonathanswang/.local/lib/python3.11/site-packages/lightning/pytorch/trainer/connectors/logger_connector/logger_connector.py:76: Starting from v1.9.0, `tensorboardX` has been removed as a dependency of the `lightning.pytorch` package, due to potential conflicts with other packages in the ML ecosystem. For this reason, `logger=True` will use `CSVLogger` as the default logger, unless the `tensorboard` or `tensorboardX` packages are found. Please `pip install lightning[extra]` or one of them to enable TensorBoard support by default
💡 Tip: For seamless cloud logging and experiment tracking, try installing [litlogger](https://pypi.org/project/litlogger/) to enable LitLogger, which logs metrics and artifacts automatically to the Lightning Experiments platform.
/global/home/users/jonathanswang/.conda/envs/hubert_env/lib/python3.11/site-packages/torch/optim/lr_scheduler.py:28: UserWarning: The verbose parameter is deprecated. Please use get_last_lr() to access the learning rate.
  warnings.warn("The verbose parameter is deprecated. Please use get_last_lr() "
/global/home/users/jonathanswang/.conda/envs/hubert_env/lib/python3.11/site-packages/torch/optim/lr_scheduler.py:28: UserWarning: The verbose parameter is deprecated. Please use get_last_lr() to access the learning rate.
  warnings.warn("The verbose parameter is deprecated. Please use get_last_lr() "
/global/home/users/jonathanswang/.conda/envs/hubert_env/lib/python3.11/site-packages/torch/optim/lr_scheduler.py:28: UserWarning: The verbose parameter is deprecated. Please use get_last_lr() to access the learning rate.
  warnings.warn("The verbose parameter is deprecated. Please use get_last_lr() "
/global/home/users/jonathanswang/.conda/envs/hubert_env/lib/python3.11/site-packages/torch/optim/lr_scheduler.py:28: UserWarning: The verbose parameter is deprecated. Please use get_last_lr() to access the learning rate.
  warnings.warn("The verbose parameter is deprecated. Please use get_last_lr() "
/global/home/users/jonathanswang/.local/lib/python3.11/site-packages/lightning/pytorch/trainer/configuration_validator.py:70: You defined a `validation_step` but have no `val_dataloader`. Skipping val loop.
You are using a CUDA device ('NVIDIA L40S') that has Tensor Cores. To properly utilize them, you should set `torch.set_float32_matmul_precision('medium' | 'high')` which will trade-off precision for performance. For more details, read https://pytorch.org/docs/stable/generated/torch.set_float32_matmul_precision.html#torch.set_float32_matmul_precision
Initializing distributed: GLOBAL_RANK: 0, MEMBER: 1/4
Initializing distributed: GLOBAL_RANK: 2, MEMBER: 3/4
Initializing distributed: GLOBAL_RANK: 1, MEMBER: 2/4
Initializing distributed: GLOBAL_RANK: 3, MEMBER: 4/4
----------------------------------------------------------------------------------------------------
distributed_backend=nccl
All distributed processes registered. Starting with 4 processes
----------------------------------------------------------------------------------------------------

LOCAL_RANK: 0 - CUDA_VISIBLE_DEVICES: [0,1,2,3]
LOCAL_RANK: 1 - CUDA_VISIBLE_DEVICES: [0,1,2,3]
LOCAL_RANK: 2 - CUDA_VISIBLE_DEVICES: [0,1,2,3]
LOCAL_RANK: 3 - CUDA_VISIBLE_DEVICES: [0,1,2,3]

  | Name  | Type                | Params | Mode  | FLOPs
--------------------------------------------------------------
0 | model | HuBERTPretrainModel | 94.6 M | train | 0    
--------------------------------------------------------------
94.6 M    Trainable params
0         Non-trainable params
94.6 M    Total params
378.479   Total estimated model params size (MB)
204       Modules in train mode
0         Modules in eval mode
0         Total Flops
SLURM auto-requeueing enabled. Setting signal handlers.
SLURM auto-requeueing enabled. Setting signal handlers.
SLURM auto-requeueing enabled. Setting signal handlers.
SLURM auto-requeueing enabled. Setting signal handlers.
GPUs requested 4, dataset ZF_test_pipeline,  nodes 1
GPUs requested 4, nodes 1
GPUs requested 4, dataset ZF_test_pipeline,  nodes 1
GPUs requested 4, nodes 1
GPUs requested 4, dataset ZF_test_pipeline,  nodes 1
GPUs requested 4, nodes 1
GPUs requested 4, dataset ZF_test_pipeline,  nodes 1
GPUs requested 4, nodes 1
[rank0]:[W reducer.cpp:1360] Warning: find_unused_parameters=True was specified in DDP constructor, but did not find any unused parameters in the forward pass. This flag results in an extra traversal of the autograd graph every iteration,  which can adversely affect performance. If your model indeed never has any unused parameters in the forward pass, consider turning this flag off. Note that this warning may be a false positive if your model has flow control causing later iterations to have unused parameters. (function operator())
[rank1]:[W reducer.cpp:1360] Warning: find_unused_parameters=True was specified in DDP constructor, but did not find any unused parameters in the forward pass. This flag results in an extra traversal of the autograd graph every iteration,  which can adversely affect performance. If your model indeed never has any unused parameters in the forward pass, consider turning this flag off. Note that this warning may be a false positive if your model has flow control causing later iterations to have unused parameters. (function operator())
[rank2]:[W reducer.cpp:1360] Warning: find_unused_parameters=True was specified in DDP constructor, but did not find any unused parameters in the forward pass. This flag results in an extra traversal of the autograd graph every iteration,  which can adversely affect performance. If your model indeed never has any unused parameters in the forward pass, consider turning this flag off. Note that this warning may be a false positive if your model has flow control causing later iterations to have unused parameters. (function operator())
[rank3]:[W reducer.cpp:1360] Warning: find_unused_parameters=True was specified in DDP constructor, but did not find any unused parameters in the forward pass. This flag results in an extra traversal of the autograd graph every iteration,  which can adversely affect performance. If your model indeed never has any unused parameters in the forward pass, consider turning this flag off. Note that this warning may be a false positive if your model has flow control causing later iterations to have unused parameters. (function operator())
/global/home/users/jonathanswang/.local/lib/python3.11/site-packages/lightning/pytorch/trainer/connectors/logger_connector/result.py:433: It is recommended to use `self.log('train_loss', ..., sync_dist=True)` when logging on epoch level in distributed setting to accumulate the metric across devices.
/global/home/users/jonathanswang/.local/lib/python3.11/site-packages/lightning/pytorch/trainer/connectors/logger_connector/result.py:433: It is recommended to use `self.log('train_feature_penalty', ..., sync_dist=True)` when logging on epoch level in distributed setting to accumulate the metric across devices.
/global/home/users/jonathanswang/.local/lib/python3.11/site-packages/lightning/pytorch/trainer/connectors/logger_connector/result.py:433: It is recommended to use `self.log('Gathered number of frames', ..., sync_dist=True)` when logging on epoch level in distributed setting to accumulate the metric across devices.
Epoch 0, global step 2508: 'train_loss' reached 4.24878 (best 4.24878), saving model to '/global/scratch/users/jonathanswang/temp_train_run19_avesteacher/checkpoints_ZF_test_pipeline_hubert_pretrain_base/epoch=0-step=2508.ckpt' as top 5
Epoch 1, global step 5013: 'train_loss' reached 3.11545 (best 3.11545), saving model to '/global/scratch/users/jonathanswang/temp_train_run19_avesteacher/checkpoints_ZF_test_pipeline_hubert_pretrain_base/epoch=1-step=5013.ckpt' as top 5
Epoch 2, global step 7518: 'train_loss' reached 2.54996 (best 2.54996), saving model to '/global/scratch/users/jonathanswang/temp_train_run19_avesteacher/checkpoints_ZF_test_pipeline_hubert_pretrain_base/epoch=2-step=7518.ckpt' as top 5
Epoch 3, global step 10024: 'train_loss' reached 2.27480 (best 2.27480), saving model to '/global/scratch/users/jonathanswang/temp_train_run19_avesteacher/checkpoints_ZF_test_pipeline_hubert_pretrain_base/epoch=3-step=10024.ckpt' as top 5
Epoch 4, global step 12531: 'train_loss' reached 2.11552 (best 2.11552), saving model to '/global/scratch/users/jonathanswang/temp_train_run19_avesteacher/checkpoints_ZF_test_pipeline_hubert_pretrain_base/epoch=4-step=12531.ckpt' as top 5
Epoch 5, global step 15038: 'train_loss' reached 2.00448 (best 2.00448), saving model to '/global/scratch/users/jonathanswang/temp_train_run19_avesteacher/checkpoints_ZF_test_pipeline_hubert_pretrain_base/epoch=5-step=15038.ckpt' as top 5
Epoch 6, global step 17546: 'train_loss' reached 1.91899 (best 1.91899), saving model to '/global/scratch/users/jonathanswang/temp_train_run19_avesteacher/checkpoints_ZF_test_pipeline_hubert_pretrain_base/epoch=6-step=17546.ckpt' as top 5
Epoch 7, global step 20053: 'train_loss' reached 1.86961 (best 1.86961), saving model to '/global/scratch/users/jonathanswang/temp_train_run19_avesteacher/checkpoints_ZF_test_pipeline_hubert_pretrain_base/epoch=7-step=20053.ckpt' as top 5
Epoch 8, global step 22560: 'train_loss' reached 1.82278 (best 1.82278), saving model to '/global/scratch/users/jonathanswang/temp_train_run19_avesteacher/checkpoints_ZF_test_pipeline_hubert_pretrain_base/epoch=8-step=22560.ckpt' as top 5
Epoch 9, global step 25067: 'train_loss' reached 1.78388 (best 1.78388), saving model to '/global/scratch/users/jonathanswang/temp_train_run19_avesteacher/checkpoints_ZF_test_pipeline_hubert_pretrain_base/epoch=9-step=25067.ckpt' as top 5
Epoch 10, global step 27574: 'train_loss' reached 1.76545 (best 1.76545), saving model to '/global/scratch/users/jonathanswang/temp_train_run19_avesteacher/checkpoints_ZF_test_pipeline_hubert_pretrain_base/epoch=10-step=27574.ckpt' as top 5
Epoch 11, global step 30082: 'train_loss' reached 1.73944 (best 1.73944), saving model to '/global/scratch/users/jonathanswang/temp_train_run19_avesteacher/checkpoints_ZF_test_pipeline_hubert_pretrain_base/epoch=11-step=30082.ckpt' as top 5
Epoch 12, global step 32589: 'train_loss' reached 1.72409 (best 1.72409), saving model to '/global/scratch/users/jonathanswang/temp_train_run19_avesteacher/checkpoints_ZF_test_pipeline_hubert_pretrain_base/epoch=12-step=32589.ckpt' as top 5
Epoch 13, global step 35096: 'train_loss' reached 1.70223 (best 1.70223), saving model to '/global/scratch/users/jonathanswang/temp_train_run19_avesteacher/checkpoints_ZF_test_pipeline_hubert_pretrain_base/epoch=13-step=35096.ckpt' as top 5
Epoch 14, global step 37602: 'train_loss' reached 1.68609 (best 1.68609), saving model to '/global/scratch/users/jonathanswang/temp_train_run19_avesteacher/checkpoints_ZF_test_pipeline_hubert_pretrain_base/epoch=14-step=37602.ckpt' as top 5
Epoch 15, global step 40110: 'train_loss' reached 1.67515 (best 1.67515), saving model to '/global/scratch/users/jonathanswang/temp_train_run19_avesteacher/checkpoints_ZF_test_pipeline_hubert_pretrain_base/epoch=15-step=40110.ckpt' as top 5
Epoch 16, global step 42615: 'train_loss' reached 1.66123 (best 1.66123), saving model to '/global/scratch/users/jonathanswang/temp_train_run19_avesteacher/checkpoints_ZF_test_pipeline_hubert_pretrain_base/epoch=16-step=42615.ckpt' as top 5
Epoch 17, global step 45123: 'train_loss' reached 1.64563 (best 1.64563), saving model to '/global/scratch/users/jonathanswang/temp_train_run19_avesteacher/checkpoints_ZF_test_pipeline_hubert_pretrain_base/epoch=17-step=45123.ckpt' as top 5
Epoch 18, global step 47630: 'train_loss' reached 1.63688 (best 1.63688), saving model to '/global/scratch/users/jonathanswang/temp_train_run19_avesteacher/checkpoints_ZF_test_pipeline_hubert_pretrain_base/epoch=18-step=47630.ckpt' as top 5
Epoch 19, global step 50137: 'train_loss' reached 1.62626 (best 1.62626), saving model to '/global/scratch/users/jonathanswang/temp_train_run19_avesteacher/checkpoints_ZF_test_pipeline_hubert_pretrain_base/epoch=19-step=50137.ckpt' as top 5
Epoch 20, global step 52643: 'train_loss' reached 1.62585 (best 1.62585), saving model to '/global/scratch/users/jonathanswang/temp_train_run19_avesteacher/checkpoints_ZF_test_pipeline_hubert_pretrain_base/epoch=20-step=52643.ckpt' as top 5
Epoch 21, global step 55150: 'train_loss' reached 1.61511 (best 1.61511), saving model to '/global/scratch/users/jonathanswang/temp_train_run19_avesteacher/checkpoints_ZF_test_pipeline_hubert_pretrain_base/epoch=21-step=55150.ckpt' as top 5
Epoch 22, global step 57658: 'train_loss' reached 1.61157 (best 1.61157), saving model to '/global/scratch/users/jonathanswang/temp_train_run19_avesteacher/checkpoints_ZF_test_pipeline_hubert_pretrain_base/epoch=22-step=57658.ckpt' as top 5
Epoch 23, global step 60165: 'train_loss' reached 1.59338 (best 1.59338), saving model to '/global/scratch/users/jonathanswang/temp_train_run19_avesteacher/checkpoints_ZF_test_pipeline_hubert_pretrain_base/epoch=23-step=60165.ckpt' as top 5
Epoch 24, global step 62671: 'train_loss' reached 1.59406 (best 1.59338), saving model to '/global/scratch/users/jonathanswang/temp_train_run19_avesteacher/checkpoints_ZF_test_pipeline_hubert_pretrain_base/epoch=24-step=62671.ckpt' as top 5
Epoch 25, global step 65177: 'train_loss' reached 1.59071 (best 1.59071), saving model to '/global/scratch/users/jonathanswang/temp_train_run19_avesteacher/checkpoints_ZF_test_pipeline_hubert_pretrain_base/epoch=25-step=65177.ckpt' as top 5
Epoch 26, global step 67685: 'train_loss' reached 1.58016 (best 1.58016), saving model to '/global/scratch/users/jonathanswang/temp_train_run19_avesteacher/checkpoints_ZF_test_pipeline_hubert_pretrain_base/epoch=26-step=67685.ckpt' as top 5
Epoch 27, global step 70191: 'train_loss' reached 1.57308 (best 1.57308), saving model to '/global/scratch/users/jonathanswang/temp_train_run19_avesteacher/checkpoints_ZF_test_pipeline_hubert_pretrain_base/epoch=27-step=70191.ckpt' as top 5
Epoch 28, global step 72699: 'train_loss' reached 1.56950 (best 1.56950), saving model to '/global/scratch/users/jonathanswang/temp_train_run19_avesteacher/checkpoints_ZF_test_pipeline_hubert_pretrain_base/epoch=28-step=72699.ckpt' as top 5
Epoch 29, global step 75207: 'train_loss' reached 1.56760 (best 1.56760), saving model to '/global/scratch/users/jonathanswang/temp_train_run19_avesteacher/checkpoints_ZF_test_pipeline_hubert_pretrain_base/epoch=29-step=75207.ckpt' as top 5
Epoch 30, global step 77714: 'train_loss' reached 1.56129 (best 1.56129), saving model to '/global/scratch/users/jonathanswang/temp_train_run19_avesteacher/checkpoints_ZF_test_pipeline_hubert_pretrain_base/epoch=30-step=77714.ckpt' as top 5
Epoch 31, global step 80221: 'train_loss' reached 1.55196 (best 1.55196), saving model to '/global/scratch/users/jonathanswang/temp_train_run19_avesteacher/checkpoints_ZF_test_pipeline_hubert_pretrain_base/epoch=31-step=80221.ckpt' as top 5
Epoch 32, global step 82727: 'train_loss' reached 1.54713 (best 1.54713), saving model to '/global/scratch/users/jonathanswang/temp_train_run19_avesteacher/checkpoints_ZF_test_pipeline_hubert_pretrain_base/epoch=32-step=82727.ckpt' as top 5
Epoch 33, global step 85235: 'train_loss' reached 1.54413 (best 1.54413), saving model to '/global/scratch/users/jonathanswang/temp_train_run19_avesteacher/checkpoints_ZF_test_pipeline_hubert_pretrain_base/epoch=33-step=85235.ckpt' as top 5
Epoch 34, global step 87741: 'train_loss' reached 1.54486 (best 1.54413), saving model to '/global/scratch/users/jonathanswang/temp_train_run19_avesteacher/checkpoints_ZF_test_pipeline_hubert_pretrain_base/epoch=34-step=87741.ckpt' as top 5
Epoch 35, global step 90249: 'train_loss' reached 1.54108 (best 1.54108), saving model to '/global/scratch/users/jonathanswang/temp_train_run19_avesteacher/checkpoints_ZF_test_pipeline_hubert_pretrain_base/epoch=35-step=90249.ckpt' as top 5
Epoch 36, global step 92756: 'train_loss' reached 1.53792 (best 1.53792), saving model to '/global/scratch/users/jonathanswang/temp_train_run19_avesteacher/checkpoints_ZF_test_pipeline_hubert_pretrain_base/epoch=36-step=92756.ckpt' as top 5
Epoch 37, global step 93750: 'train_loss' reached 1.53158 (best 1.53158), saving model to '/global/scratch/users/jonathanswang/temp_train_run19_avesteacher/checkpoints_ZF_test_pipeline_hubert_pretrain_base/epoch=37-step=93750.ckpt' as top 5
`Trainer.fit` stopped: `max_steps=93750` reached.

End: Tue Oct  6 05:47:41 PDT 2026   train.py exit=0
-rw-r--r--+ 1 jonathanswang ucb 1135715512 Oct  6 05:22 epoch=34-step=87741.ckpt
-rw-r--r--+ 1 jonathanswang ucb 1135715512 Oct  6 05:32 epoch=35-step=90249.ckpt
-rw-r--r--+ 1 jonathanswang ucb 1135715512 Oct  6 05:42 epoch=36-step=92756.ckpt
-rw-r--r--+ 1 jonathanswang ucb 1135715512 Oct  6 05:47 epoch=37-step=93750.ckpt
-rw-r--r--+ 1 jonathanswang ucb 1135715512 Oct  6 05:47 last.ckpt
