==============================================
HuBERT run21 -- run16 on the zebra finch rows only (E6, twin of run20)
Start: Tue Oct  6 11:40:38 PDT 2026
==============================================
[precheck] audio OK: 120 files, 116.03 h under /global/scratch/users/jonathanswang/temp_files (9 rows probed head/middle/tail)
[precheck] labels: 20,885,063 frames, vocabulary 200, --num-classes 200
0, NVIDIA L40S, 46068 MiB
1, NVIDIA L40S, 46068 MiB
2, NVIDIA L40S, 46068 MiB
3, NVIDIA L40S, 46068 MiB
PyTorch: 2.2.2 | CUDA: True 12.1
GPUs visible: 4

Starting training...

[rank: 1] Seed set to 1337
[rank: 2] Seed set to 1337
[rank: 0] Seed set to 1337
[rank: 3] Seed set to 1337
GPU available: True (cuda), used: True
TPU available: False, using: 0 TPU cores
/global/home/users/jonathanswang/.local/lib/python3.11/site-packages/lightning/pytorch/trainer/connectors/logger_connector/logger_connector.py:76: Starting from v1.9.0, `tensorboardX` has been removed as a dependency of the `lightning.pytorch` package, due to potential conflicts with other packages in the ML ecosystem. For this reason, `logger=True` will use `CSVLogger` as the default logger, unless the `tensorboard` or `tensorboardX` packages are found. Please `pip install lightning[extra]` or one of them to enable TensorBoard support by default
💡 Tip: For seamless cloud logging and experiment tracking, try installing [litlogger](https://pypi.org/project/litlogger/) to enable LitLogger, which logs metrics and artifacts automatically to the Lightning Experiments platform.
/global/home/users/jonathanswang/.conda/envs/hubert_env/lib/python3.11/site-packages/torch/optim/lr_scheduler.py:28: UserWarning: The verbose parameter is deprecated. Please use get_last_lr() to access the learning rate.
  warnings.warn("The verbose parameter is deprecated. Please use get_last_lr() "
/global/home/users/jonathanswang/.conda/envs/hubert_env/lib/python3.11/site-packages/torch/optim/lr_scheduler.py:28: UserWarning: The verbose parameter is deprecated. Please use get_last_lr() to access the learning rate.
  warnings.warn("The verbose parameter is deprecated. Please use get_last_lr() "
/global/home/users/jonathanswang/.conda/envs/hubert_env/lib/python3.11/site-packages/torch/optim/lr_scheduler.py:28: UserWarning: The verbose parameter is deprecated. Please use get_last_lr() to access the learning rate.
  warnings.warn("The verbose parameter is deprecated. Please use get_last_lr() "
/global/home/users/jonathanswang/.conda/envs/hubert_env/lib/python3.11/site-packages/torch/optim/lr_scheduler.py:28: UserWarning: The verbose parameter is deprecated. Please use get_last_lr() to access the learning rate.
  warnings.warn("The verbose parameter is deprecated. Please use get_last_lr() "
/global/home/users/jonathanswang/.local/lib/python3.11/site-packages/lightning/pytorch/trainer/configuration_validator.py:70: You defined a `validation_step` but have no `val_dataloader`. Skipping val loop.
You are using a CUDA device ('NVIDIA L40S') that has Tensor Cores. To properly utilize them, you should set `torch.set_float32_matmul_precision('medium' | 'high')` which will trade-off precision for performance. For more details, read https://pytorch.org/docs/stable/generated/torch.set_float32_matmul_precision.html#torch.set_float32_matmul_precision
Initializing distributed: GLOBAL_RANK: 0, MEMBER: 1/4
Initializing distributed: GLOBAL_RANK: 2, MEMBER: 3/4
Initializing distributed: GLOBAL_RANK: 1, MEMBER: 2/4
Initializing distributed: GLOBAL_RANK: 3, MEMBER: 4/4
----------------------------------------------------------------------------------------------------
distributed_backend=nccl
All distributed processes registered. Starting with 4 processes
----------------------------------------------------------------------------------------------------

LOCAL_RANK: 0 - CUDA_VISIBLE_DEVICES: [0,1,2,3]
LOCAL_RANK: 1 - CUDA_VISIBLE_DEVICES: [0,1,2,3]
LOCAL_RANK: 2 - CUDA_VISIBLE_DEVICES: [0,1,2,3]
LOCAL_RANK: 3 - CUDA_VISIBLE_DEVICES: [0,1,2,3]

  | Name  | Type                | Params | Mode  | FLOPs
--------------------------------------------------------------
0 | model | HuBERTPretrainModel | 94.6 M | train | 0    
--------------------------------------------------------------
94.6 M    Trainable params
0         Non-trainable params
94.6 M    Total params
378.479   Total estimated model params size (MB)
204       Modules in train mode
0         Modules in eval mode
0         Total Flops
SLURM auto-requeueing enabled. Setting signal handlers.
SLURM auto-requeueing enabled. Setting signal handlers.
SLURM auto-requeueing enabled. Setting signal handlers.
SLURM auto-requeueing enabled. Setting signal handlers.
GPUs requested 4, dataset ZF_test_pipeline,  nodes 1
GPUs requested 4, nodes 1
GPUs requested 4, dataset ZF_test_pipeline,  nodes 1
GPUs requested 4, nodes 1
GPUs requested 4, dataset ZF_test_pipeline,  nodes 1
GPUs requested 4, nodes 1
GPUs requested 4, dataset ZF_test_pipeline,  nodes 1
GPUs requested 4, nodes 1
[rank1]:[W reducer.cpp:1360] Warning: find_unused_parameters=True was specified in DDP constructor, but did not find any unused parameters in the forward pass. This flag results in an extra traversal of the autograd graph every iteration,  which can adversely affect performance. If your model indeed never has any unused parameters in the forward pass, consider turning this flag off. Note that this warning may be a false positive if your model has flow control causing later iterations to have unused parameters. (function operator())
[rank0]:[W reducer.cpp:1360] Warning: find_unused_parameters=True was specified in DDP constructor, but did not find any unused parameters in the forward pass. This flag results in an extra traversal of the autograd graph every iteration,  which can adversely affect performance. If your model indeed never has any unused parameters in the forward pass, consider turning this flag off. Note that this warning may be a false positive if your model has flow control causing later iterations to have unused parameters. (function operator())
[rank2]:[W reducer.cpp:1360] Warning: find_unused_parameters=True was specified in DDP constructor, but did not find any unused parameters in the forward pass. This flag results in an extra traversal of the autograd graph every iteration,  which can adversely affect performance. If your model indeed never has any unused parameters in the forward pass, consider turning this flag off. Note that this warning may be a false positive if your model has flow control causing later iterations to have unused parameters. (function operator())
[rank3]:[W reducer.cpp:1360] Warning: find_unused_parameters=True was specified in DDP constructor, but did not find any unused parameters in the forward pass. This flag results in an extra traversal of the autograd graph every iteration,  which can adversely affect performance. If your model indeed never has any unused parameters in the forward pass, consider turning this flag off. Note that this warning may be a false positive if your model has flow control causing later iterations to have unused parameters. (function operator())
/global/home/users/jonathanswang/.local/lib/python3.11/site-packages/lightning/pytorch/trainer/connectors/logger_connector/result.py:433: It is recommended to use `self.log('train_loss', ..., sync_dist=True)` when logging on epoch level in distributed setting to accumulate the metric across devices.
/global/home/users/jonathanswang/.local/lib/python3.11/site-packages/lightning/pytorch/trainer/connectors/logger_connector/result.py:433: It is recommended to use `self.log('train_feature_penalty', ..., sync_dist=True)` when logging on epoch level in distributed setting to accumulate the metric across devices.
/global/home/users/jonathanswang/.local/lib/python3.11/site-packages/lightning/pytorch/trainer/connectors/logger_connector/result.py:433: It is recommended to use `self.log('Gathered number of frames', ..., sync_dist=True)` when logging on epoch level in distributed setting to accumulate the metric across devices.
Epoch 0, global step 1301: 'train_loss' reached 3.61414 (best 3.61414), saving model to '/global/scratch/users/jonathanswang/temp_train_run21_zfonly/checkpoints_ZF_test_pipeline_hubert_pretrain_base/epoch=0-step=1301.ckpt' as top 5
Epoch 1, global step 2601: 'train_loss' reached 2.61299 (best 2.61299), saving model to '/global/scratch/users/jonathanswang/temp_train_run21_zfonly/checkpoints_ZF_test_pipeline_hubert_pretrain_base/epoch=1-step=2601.ckpt' as top 5
Epoch 2, global step 3901: 'train_loss' reached 2.07520 (best 2.07520), saving model to '/global/scratch/users/jonathanswang/temp_train_run21_zfonly/checkpoints_ZF_test_pipeline_hubert_pretrain_base/epoch=2-step=3901.ckpt' as top 5
Epoch 3, global step 5202: 'train_loss' reached 1.80852 (best 1.80852), saving model to '/global/scratch/users/jonathanswang/temp_train_run21_zfonly/checkpoints_ZF_test_pipeline_hubert_pretrain_base/epoch=3-step=5202.ckpt' as top 5
Epoch 4, global step 6502: 'train_loss' reached 1.64041 (best 1.64041), saving model to '/global/scratch/users/jonathanswang/temp_train_run21_zfonly/checkpoints_ZF_test_pipeline_hubert_pretrain_base/epoch=4-step=6502.ckpt' as top 5
Epoch 5, global step 7803: 'train_loss' reached 1.54798 (best 1.54798), saving model to '/global/scratch/users/jonathanswang/temp_train_run21_zfonly/checkpoints_ZF_test_pipeline_hubert_pretrain_base/epoch=5-step=7803.ckpt' as top 5
Epoch 6, global step 9103: 'train_loss' reached 1.48358 (best 1.48358), saving model to '/global/scratch/users/jonathanswang/temp_train_run21_zfonly/checkpoints_ZF_test_pipeline_hubert_pretrain_base/epoch=6-step=9103.ckpt' as top 5
Epoch 7, global step 10403: 'train_loss' reached 1.42939 (best 1.42939), saving model to '/global/scratch/users/jonathanswang/temp_train_run21_zfonly/checkpoints_ZF_test_pipeline_hubert_pretrain_base/epoch=7-step=10403.ckpt' as top 5
Epoch 8, global step 11704: 'train_loss' reached 1.39937 (best 1.39937), saving model to '/global/scratch/users/jonathanswang/temp_train_run21_zfonly/checkpoints_ZF_test_pipeline_hubert_pretrain_base/epoch=8-step=11704.ckpt' as top 5
Epoch 9, global step 13005: 'train_loss' reached 1.36508 (best 1.36508), saving model to '/global/scratch/users/jonathanswang/temp_train_run21_zfonly/checkpoints_ZF_test_pipeline_hubert_pretrain_base/epoch=9-step=13005.ckpt' as top 5
Epoch 10, global step 14305: 'train_loss' reached 1.34673 (best 1.34673), saving model to '/global/scratch/users/jonathanswang/temp_train_run21_zfonly/checkpoints_ZF_test_pipeline_hubert_pretrain_base/epoch=10-step=14305.ckpt' as top 5
Epoch 11, global step 15606: 'train_loss' reached 1.31896 (best 1.31896), saving model to '/global/scratch/users/jonathanswang/temp_train_run21_zfonly/checkpoints_ZF_test_pipeline_hubert_pretrain_base/epoch=11-step=15606.ckpt' as top 5
Epoch 12, global step 16907: 'train_loss' reached 1.29565 (best 1.29565), saving model to '/global/scratch/users/jonathanswang/temp_train_run21_zfonly/checkpoints_ZF_test_pipeline_hubert_pretrain_base/epoch=12-step=16907.ckpt' as top 5
Epoch 13, global step 18207: 'train_loss' reached 1.29801 (best 1.29565), saving model to '/global/scratch/users/jonathanswang/temp_train_run21_zfonly/checkpoints_ZF_test_pipeline_hubert_pretrain_base/epoch=13-step=18207.ckpt' as top 5
Epoch 14, global step 19508: 'train_loss' reached 1.27183 (best 1.27183), saving model to '/global/scratch/users/jonathanswang/temp_train_run21_zfonly/checkpoints_ZF_test_pipeline_hubert_pretrain_base/epoch=14-step=19508.ckpt' as top 5
Epoch 15, global step 20808: 'train_loss' reached 1.25687 (best 1.25687), saving model to '/global/scratch/users/jonathanswang/temp_train_run21_zfonly/checkpoints_ZF_test_pipeline_hubert_pretrain_base/epoch=15-step=20808.ckpt' as top 5
Epoch 16, global step 22109: 'train_loss' reached 1.24797 (best 1.24797), saving model to '/global/scratch/users/jonathanswang/temp_train_run21_zfonly/checkpoints_ZF_test_pipeline_hubert_pretrain_base/epoch=16-step=22109.ckpt' as top 5
Epoch 17, global step 23409: 'train_loss' reached 1.23053 (best 1.23053), saving model to '/global/scratch/users/jonathanswang/temp_train_run21_zfonly/checkpoints_ZF_test_pipeline_hubert_pretrain_base/epoch=17-step=23409.ckpt' as top 5
Epoch 18, global step 24709: 'train_loss' reached 1.23351 (best 1.23053), saving model to '/global/scratch/users/jonathanswang/temp_train_run21_zfonly/checkpoints_ZF_test_pipeline_hubert_pretrain_base/epoch=18-step=24709.ckpt' as top 5
Epoch 19, global step 26010: 'train_loss' reached 1.21806 (best 1.21806), saving model to '/global/scratch/users/jonathanswang/temp_train_run21_zfonly/checkpoints_ZF_test_pipeline_hubert_pretrain_base/epoch=19-step=26010.ckpt' as top 5
Epoch 20, global step 27311: 'train_loss' reached 1.20876 (best 1.20876), saving model to '/global/scratch/users/jonathanswang/temp_train_run21_zfonly/checkpoints_ZF_test_pipeline_hubert_pretrain_base/epoch=20-step=27311.ckpt' as top 5
Epoch 21, global step 28612: 'train_loss' reached 1.21498 (best 1.20876), saving model to '/global/scratch/users/jonathanswang/temp_train_run21_zfonly/checkpoints_ZF_test_pipeline_hubert_pretrain_base/epoch=21-step=28612.ckpt' as top 5
Epoch 22, global step 29913: 'train_loss' reached 1.20237 (best 1.20237), saving model to '/global/scratch/users/jonathanswang/temp_train_run21_zfonly/checkpoints_ZF_test_pipeline_hubert_pretrain_base/epoch=22-step=29913.ckpt' as top 5
Epoch 23, global step 31213: 'train_loss' reached 1.20125 (best 1.20125), saving model to '/global/scratch/users/jonathanswang/temp_train_run21_zfonly/checkpoints_ZF_test_pipeline_hubert_pretrain_base/epoch=23-step=31213.ckpt' as top 5
Epoch 24, global step 32513: 'train_loss' reached 1.18628 (best 1.18628), saving model to '/global/scratch/users/jonathanswang/temp_train_run21_zfonly/checkpoints_ZF_test_pipeline_hubert_pretrain_base/epoch=24-step=32513.ckpt' as top 5
Epoch 25, global step 33814: 'train_loss' reached 1.18608 (best 1.18608), saving model to '/global/scratch/users/jonathanswang/temp_train_run21_zfonly/checkpoints_ZF_test_pipeline_hubert_pretrain_base/epoch=25-step=33814.ckpt' as top 5
Epoch 26, global step 35115: 'train_loss' reached 1.17549 (best 1.17549), saving model to '/global/scratch/users/jonathanswang/temp_train_run21_zfonly/checkpoints_ZF_test_pipeline_hubert_pretrain_base/epoch=26-step=35115.ckpt' as top 5
Epoch 27, global step 36415: 'train_loss' reached 1.17657 (best 1.17549), saving model to '/global/scratch/users/jonathanswang/temp_train_run21_zfonly/checkpoints_ZF_test_pipeline_hubert_pretrain_base/epoch=27-step=36415.ckpt' as top 5
Epoch 28, global step 37716: 'train_loss' reached 1.16562 (best 1.16562), saving model to '/global/scratch/users/jonathanswang/temp_train_run21_zfonly/checkpoints_ZF_test_pipeline_hubert_pretrain_base/epoch=28-step=37716.ckpt' as top 5
Epoch 29, global step 39016: 'train_loss' reached 1.15884 (best 1.15884), saving model to '/global/scratch/users/jonathanswang/temp_train_run21_zfonly/checkpoints_ZF_test_pipeline_hubert_pretrain_base/epoch=29-step=39016.ckpt' as top 5
Epoch 30, global step 40317: 'train_loss' reached 1.15127 (best 1.15127), saving model to '/global/scratch/users/jonathanswang/temp_train_run21_zfonly/checkpoints_ZF_test_pipeline_hubert_pretrain_base/epoch=30-step=40317.ckpt' as top 5
Epoch 31, global step 41617: 'train_loss' reached 1.16002 (best 1.15127), saving model to '/global/scratch/users/jonathanswang/temp_train_run21_zfonly/checkpoints_ZF_test_pipeline_hubert_pretrain_base/epoch=31-step=41617.ckpt' as top 5
Epoch 32, global step 42918: 'train_loss' reached 1.15565 (best 1.15127), saving model to '/global/scratch/users/jonathanswang/temp_train_run21_zfonly/checkpoints_ZF_test_pipeline_hubert_pretrain_base/epoch=32-step=42918.ckpt' as top 5
Epoch 33, global step 44218: 'train_loss' reached 1.15058 (best 1.15058), saving model to '/global/scratch/users/jonathanswang/temp_train_run21_zfonly/checkpoints_ZF_test_pipeline_hubert_pretrain_base/epoch=33-step=44218.ckpt' as top 5
Epoch 34, global step 45518: 'train_loss' reached 1.13344 (best 1.13344), saving model to '/global/scratch/users/jonathanswang/temp_train_run21_zfonly/checkpoints_ZF_test_pipeline_hubert_pretrain_base/epoch=34-step=45518.ckpt' as top 5
Epoch 35, global step 46818: 'train_loss' reached 1.13863 (best 1.13344), saving model to '/global/scratch/users/jonathanswang/temp_train_run21_zfonly/checkpoints_ZF_test_pipeline_hubert_pretrain_base/epoch=35-step=46818.ckpt' as top 5
Epoch 36, global step 48119: 'train_loss' reached 1.13570 (best 1.13344), saving model to '/global/scratch/users/jonathanswang/temp_train_run21_zfonly/checkpoints_ZF_test_pipeline_hubert_pretrain_base/epoch=36-step=48119.ckpt' as top 5
Epoch 37, global step 49420: 'train_loss' reached 1.13082 (best 1.13082), saving model to '/global/scratch/users/jonathanswang/temp_train_run21_zfonly/checkpoints_ZF_test_pipeline_hubert_pretrain_base/epoch=37-step=49420.ckpt' as top 5
Epoch 38, global step 50720: 'train_loss' reached 1.14040 (best 1.13082), saving model to '/global/scratch/users/jonathanswang/temp_train_run21_zfonly/checkpoints_ZF_test_pipeline_hubert_pretrain_base/epoch=38-step=50720.ckpt' as top 5
Epoch 39, global step 52021: 'train_loss' reached 1.12157 (best 1.12157), saving model to '/global/scratch/users/jonathanswang/temp_train_run21_zfonly/checkpoints_ZF_test_pipeline_hubert_pretrain_base/epoch=39-step=52021.ckpt' as top 5
Epoch 40, global step 53321: 'train_loss' reached 1.11880 (best 1.11880), saving model to '/global/scratch/users/jonathanswang/temp_train_run21_zfonly/checkpoints_ZF_test_pipeline_hubert_pretrain_base/epoch=40-step=53321.ckpt' as top 5
Epoch 41, global step 54622: 'train_loss' reached 1.11833 (best 1.11833), saving model to '/global/scratch/users/jonathanswang/temp_train_run21_zfonly/checkpoints_ZF_test_pipeline_hubert_pretrain_base/epoch=41-step=54622.ckpt' as top 5
Epoch 42, global step 55922: 'train_loss' reached 1.11807 (best 1.11807), saving model to '/global/scratch/users/jonathanswang/temp_train_run21_zfonly/checkpoints_ZF_test_pipeline_hubert_pretrain_base/epoch=42-step=55922.ckpt' as top 5
Epoch 43, global step 57222: 'train_loss' reached 1.11817 (best 1.11807), saving model to '/global/scratch/users/jonathanswang/temp_train_run21_zfonly/checkpoints_ZF_test_pipeline_hubert_pretrain_base/epoch=43-step=57222.ckpt' as top 5
Epoch 44, global step 58523: 'train_loss' reached 1.11629 (best 1.11629), saving model to '/global/scratch/users/jonathanswang/temp_train_run21_zfonly/checkpoints_ZF_test_pipeline_hubert_pretrain_base/epoch=44-step=58523.ckpt' as top 5
Epoch 45, global step 59823: 'train_loss' reached 1.10777 (best 1.10777), saving model to '/global/scratch/users/jonathanswang/temp_train_run21_zfonly/checkpoints_ZF_test_pipeline_hubert_pretrain_base/epoch=45-step=59823.ckpt' as top 5
Epoch 46, global step 61124: 'train_loss' reached 1.10962 (best 1.10777), saving model to '/global/scratch/users/jonathanswang/temp_train_run21_zfonly/checkpoints_ZF_test_pipeline_hubert_pretrain_base/epoch=46-step=61124.ckpt' as top 5
Epoch 47, global step 62424: 'train_loss' reached 1.10842 (best 1.10777), saving model to '/global/scratch/users/jonathanswang/temp_train_run21_zfonly/checkpoints_ZF_test_pipeline_hubert_pretrain_base/epoch=47-step=62424.ckpt' as top 5
Epoch 48, global step 63724: 'train_loss' reached 1.10653 (best 1.10653), saving model to '/global/scratch/users/jonathanswang/temp_train_run21_zfonly/checkpoints_ZF_test_pipeline_hubert_pretrain_base/epoch=48-step=63724.ckpt' as top 5
Epoch 49, global step 65025: 'train_loss' reached 1.10488 (best 1.10488), saving model to '/global/scratch/users/jonathanswang/temp_train_run21_zfonly/checkpoints_ZF_test_pipeline_hubert_pretrain_base/epoch=49-step=65025.ckpt' as top 5
Epoch 50, global step 66325: 'train_loss' reached 1.10004 (best 1.10004), saving model to '/global/scratch/users/jonathanswang/temp_train_run21_zfonly/checkpoints_ZF_test_pipeline_hubert_pretrain_base/epoch=50-step=66325.ckpt' as top 5
Epoch 51, global step 67626: 'train_loss' reached 1.09755 (best 1.09755), saving model to '/global/scratch/users/jonathanswang/temp_train_run21_zfonly/checkpoints_ZF_test_pipeline_hubert_pretrain_base/epoch=51-step=67626.ckpt' as top 5
Epoch 52, global step 68926: 'train_loss' reached 1.09025 (best 1.09025), saving model to '/global/scratch/users/jonathanswang/temp_train_run21_zfonly/checkpoints_ZF_test_pipeline_hubert_pretrain_base/epoch=52-step=68926.ckpt' as top 5
Epoch 53, global step 70226: 'train_loss' reached 1.09416 (best 1.09025), saving model to '/global/scratch/users/jonathanswang/temp_train_run21_zfonly/checkpoints_ZF_test_pipeline_hubert_pretrain_base/epoch=53-step=70226.ckpt' as top 5
Epoch 54, global step 71527: 'train_loss' reached 1.09008 (best 1.09008), saving model to '/global/scratch/users/jonathanswang/temp_train_run21_zfonly/checkpoints_ZF_test_pipeline_hubert_pretrain_base/epoch=54-step=71527.ckpt' as top 5
Epoch 55, global step 72827: 'train_loss' reached 1.09185 (best 1.09008), saving model to '/global/scratch/users/jonathanswang/temp_train_run21_zfonly/checkpoints_ZF_test_pipeline_hubert_pretrain_base/epoch=55-step=72827.ckpt' as top 5
Epoch 56, global step 74128: 'train_loss' reached 1.08691 (best 1.08691), saving model to '/global/scratch/users/jonathanswang/temp_train_run21_zfonly/checkpoints_ZF_test_pipeline_hubert_pretrain_base/epoch=56-step=74128.ckpt' as top 5
Epoch 57, global step 75427: 'train_loss' reached 1.07821 (best 1.07821), saving model to '/global/scratch/users/jonathanswang/temp_train_run21_zfonly/checkpoints_ZF_test_pipeline_hubert_pretrain_base/epoch=57-step=75427.ckpt' as top 5
Epoch 58, global step 76728: 'train_loss' reached 1.08093 (best 1.07821), saving model to '/global/scratch/users/jonathanswang/temp_train_run21_zfonly/checkpoints_ZF_test_pipeline_hubert_pretrain_base/epoch=58-step=76728.ckpt' as top 5
Epoch 59, global step 78029: 'train_loss' reached 1.07956 (best 1.07821), saving model to '/global/scratch/users/jonathanswang/temp_train_run21_zfonly/checkpoints_ZF_test_pipeline_hubert_pretrain_base/epoch=59-step=78029.ckpt' as top 5
Epoch 60, global step 79330: 'train_loss' reached 1.08781 (best 1.07821), saving model to '/global/scratch/users/jonathanswang/temp_train_run21_zfonly/checkpoints_ZF_test_pipeline_hubert_pretrain_base/epoch=60-step=79330.ckpt' as top 5
Epoch 61, global step 80630: 'train_loss' reached 1.08446 (best 1.07821), saving model to '/global/scratch/users/jonathanswang/temp_train_run21_zfonly/checkpoints_ZF_test_pipeline_hubert_pretrain_base/epoch=61-step=80630.ckpt' as top 5
Epoch 62, global step 81930: 'train_loss' reached 1.07835 (best 1.07821), saving model to '/global/scratch/users/jonathanswang/temp_train_run21_zfonly/checkpoints_ZF_test_pipeline_hubert_pretrain_base/epoch=62-step=81930.ckpt' as top 5
Epoch 63, global step 83231: 'train_loss' reached 1.07232 (best 1.07232), saving model to '/global/scratch/users/jonathanswang/temp_train_run21_zfonly/checkpoints_ZF_test_pipeline_hubert_pretrain_base/epoch=63-step=83231.ckpt' as top 5
Epoch 64, global step 84531: 'train_loss' reached 1.07407 (best 1.07232), saving model to '/global/scratch/users/jonathanswang/temp_train_run21_zfonly/checkpoints_ZF_test_pipeline_hubert_pretrain_base/epoch=64-step=84531.ckpt' as top 5
Epoch 65, global step 85831: 'train_loss' was not in top 5
Epoch 66, global step 87132: 'train_loss' reached 1.07059 (best 1.07059), saving model to '/global/scratch/users/jonathanswang/temp_train_run21_zfonly/checkpoints_ZF_test_pipeline_hubert_pretrain_base/epoch=66-step=87132.ckpt' as top 5
Epoch 67, global step 88432: 'train_loss' reached 1.07143 (best 1.07059), saving model to '/global/scratch/users/jonathanswang/temp_train_run21_zfonly/checkpoints_ZF_test_pipeline_hubert_pretrain_base/epoch=67-step=88432.ckpt' as top 5
Epoch 68, global step 89732: 'train_loss' reached 1.06636 (best 1.06636), saving model to '/global/scratch/users/jonathanswang/temp_train_run21_zfonly/checkpoints_ZF_test_pipeline_hubert_pretrain_base/epoch=68-step=89732.ckpt' as top 5
Epoch 69, global step 91033: 'train_loss' reached 1.06495 (best 1.06495), saving model to '/global/scratch/users/jonathanswang/temp_train_run21_zfonly/checkpoints_ZF_test_pipeline_hubert_pretrain_base/epoch=69-step=91033.ckpt' as top 5
Epoch 70, global step 92332: 'train_loss' was not in top 5
Epoch 71, global step 93633: 'train_loss' reached 1.07076 (best 1.06495), saving model to '/global/scratch/users/jonathanswang/temp_train_run21_zfonly/checkpoints_ZF_test_pipeline_hubert_pretrain_base/epoch=71-step=93633.ckpt' as top 5
Epoch 72, global step 93750: 'train_loss' was not in top 5
`Trainer.fit` stopped: `max_steps=93750` reached.

End: Tue Oct  6 17:37:40 PDT 2026   train.py exit=0
-rw-r--r--+ 1 jonathanswang ucb 1135715512 Oct  6 17:16 epoch=67-step=88432.ckpt
-rw-r--r--+ 1 jonathanswang ucb 1135715512 Oct  6 17:21 epoch=68-step=89732.ckpt
-rw-r--r--+ 1 jonathanswang ucb 1135715512 Oct  6 17:26 epoch=69-step=91033.ckpt
-rw-r--r--+ 1 jonathanswang ucb 1135715512 Oct  6 17:36 epoch=71-step=93633.ckpt
-rw-r--r--+ 1 jonathanswang ucb 1135715512 Oct  6 17:36 last.ckpt
